2024-11-04 09:12:01 startup archives unpack
2024-11-04 09:12:02 install nano:amd64 <none> 7.2-2build1
2024-11-04 09:12:03 status half-installed nano:amd64 7.2-2build1
2024-11-04 09:12:05 status triggers-pending man-db:amd64 2.12.0-4build2
2024-11-04 09:12:05 status unpacked nano:amd64 7.2-2build1
2024-11-04 09:12:05 install vim:amd64 <none> 2:9.1.0016-1ubuntu7.3
2024-11-04 09:12:07 status half-installed vim:amd64 2:9.1.0016-1ubuntu7.3
2024-11-04 09:12:07 status triggers-pending man-db:amd64 2.12.0-4build2
2024-11-04 09:12:08 status unpacked vim:amd64 2:9.1.0016-1ubuntu7.3
2024-11-04 09:12:08 install curl:amd64 <none> 8.5.0-2ubuntu10.4
2024-11-04 09:12:09 status half-installed curl:amd64 8.5.0-2ubuntu10.4
2024-11-04 09:12:11 status triggers-pending man-db:amd64 2.12.0-4build2
2024-11-04 09:12:13 status unpacked curl:amd64 8.5.0-2ubuntu10.4
2024-11-04 09:12:13 install git:amd64 <none> 1:2.43.0-1ubuntu7.1
2024-11-04 09:12:15 status half-installed git:amd64 1:2.43.0-1ubuntu7.1
2024-11-04 09:12:15 status triggers-pending man-db:amd64 2.12.0-4build2
2024-11-04 09:12:17 status unpacked git:amd64 1:2.43.0-1ubuntu7.1
2024-11-04 09:12:18 install tree:amd64 <none> 2.1.1-2ubuntu3
2024-11-04 09:12:19 status half-installed tree:amd64 2.1.1-2ubuntu3
2024-11-04 09:12:19 status triggers-pending man-db:amd64 2.12.0-4build2
2024-11-04 09:12:21 status unpacked tree:amd64 2.1.1-2ubuntu3
2024-11-04 09:12:23 install htop:amd64 <none> 3.3.0-4build1
2024-11-04 09:12:25 status half-installed htop:amd64 3.3.0-4build1
2024-11-04 09:12:27 status triggers-pending man-db:amd64 2.12.0-4build2
2024-11-04 09:12:27 status unpacked htop:amd64 3.3.0-4build1
2024-11-04 09:12:29 install openssh-server:amd64 <none> 1:9.6p1-3ubuntu13.5
2024-11-04 09:12:31 status half-installed openssh-server:amd64 1:9.6p1-3ubuntu13.5
2024-11-04 09:12:33 status triggers-pending man-db:amd64 2.12.0-4build2
2024-11-04 09:12:34 status unpacked openssh-server:amd64 1:9.6p1-3ubuntu13.5
2024-11-04 09:12:36 install apache2:amd64 <none> 2.4.58-1ubuntu8.4
2024-11-04 09:12:38 status half-installed apache2:amd64 2.4.58-1ubuntu8.4
2024-11-04 09:12:40 status triggers-pending man-db:amd64 2.12.0-4build2
2024-11-04 09:12:41 status unpacked apache2:amd64 2.4.58-1ubuntu8.4
2024-11-04 09:12:42 install net-tools:amd64 <none> 2.10-0.1ubuntu4
2024-11-04 09:12:43 status half-installed net-tools:amd64 2.10-0.1ubuntu4
2024-11-04 09:12:45 status triggers-pending man-db:amd64 2.12.0-4build2
2024-11-04 09:12:45 status unpacked net-tools:amd64 2.10-0.1ubuntu4
2024-11-04 09:12:47 install ufw:all <none> 0.36.2-6
2024-11-04 09:12:47 status half-installed ufw:all 0.36.2-6
2024-11-04 09:12:49 status triggers-pending man-db:amd64 2.12.0-4build2
2024-11-04 09:12:51 status unpacked ufw:all 0.36.2-6
2024-11-04 09:12:53 startup packages configure
2024-11-04 09:12:54 configure nano:amd64 7.2-2build1 <none>
2024-11-04 09:12:56 status unpacked nano:amd64 7.2-2build1
2024-11-04 09:12:56 status half-configured nano:amd64 7.2-2build1
2024-11-04 09:12:57 status installed nano:amd64 7.2-2build1
2024-11-04 09:12:59 configure vim:amd64 2:9.1.0016-1ubuntu7.3 <none>
2024-11-04 09:13:00 status unpacked vim:amd64 2:9.1.0016-1ubuntu7.3
2024-11-04 09:13:01 status half-configured vim:amd64 2:9.1.0016-1ubuntu7.3
2024-11-04 09:13:02 status installed vim:amd64 2:9.1.0016-1ubuntu7.3
2024-11-04 09:13:02 configure curl:amd64 8.5.0-2ubuntu10.4 <none>
2024-11-04 09:13:02 status unpacked curl:amd64 8.5.0-2ubuntu10.4
2024-11-04 09:13:04 status half-configured curl:amd64 8.5.0-2ubuntu10.4
2024-11-04 09:13:06 status installed curl:amd64 8.5.0-2ubuntu10.4
2024-11-04 09:13:08 configure git:amd64 1:2.43.0-1ubuntu7.1 <none>
2024-11-04 09:13:09 status unpacked git:amd64 1:2.43.0-1ubuntu7.1
2024-11-04 09:13:10 status half-configured git:amd64 1:2.43.0-1ubuntu7.1
2024-11-04 09:13:11 status installed git:amd64 1:2.43.0-1ubuntu7.1
2024-11-04 09:13:11 configure tree:amd64 2.1.1-2ubuntu3 <none>
2024-11-04 09:13:11 status unpacked tree:amd64 2.1.1-2ubuntu3
2024-11-04 09:13:12 status half-configured tree:amd64 2.1.1-2ubuntu3
2024-11-04 09:13:12 status installed tree:amd64 2.1.1-2ubuntu3
2024-11-04 09:13:14 configure htop:amd64 3.3.0-4build1 <none>
2024-11-04 09:13:15 status unpacked htop:amd64 3.3.0-4build1
2024-11-04 09:13:16 status half-configured htop:amd64 3.3.0-4build1
2024-11-04 09:13:16 status installed htop:amd64 3.3.0-4build1
2024-11-04 09:13:16 configure openssh-server:amd64 1:9.6p1-3ubuntu13.5 <none>
2024-11-04 09:13:17 status unpacked openssh-server:amd64 1:9.6p1-3ubuntu13.5
2024-11-04 09:13:18 status half-configured openssh-server:amd64 1:9.6p1-3ubuntu13.5
2024-11-04 09:13:20 status installed openssh-server:amd64 1:9.6p1-3ubuntu13.5
2024-11-04 09:13:20 configure apache2:amd64 2.4.58-1ubuntu8.4 <none>
2024-11-04 09:13:20 status unpacked apache2:amd64 2.4.58-1ubuntu8.4
2024-11-04 09:13:20 status half-configured apache2:amd64 2.4.58-1ubuntu8.4
2024-11-04 09:13:21 status installed apache2:amd64 2.4.58-1ubuntu8.4
2024-11-04 09:13:23 configure net-tools:amd64 2.10-0.1ubuntu4 <none>
2024-11-04 09:13:24 status unpacked net-tools:amd64 2.10-0.1ubuntu4
2024-11-04 09:13:25 status half-configured net-tools:amd64 2.10-0.1ubuntu4
2024-11-04 09:13:25 status installed net-tools:amd64 2.10-0.1ubuntu4
2024-11-04 09:13:26 configure ufw:all 0.36.2-6 <none>
2024-11-04 09:13:26 status unpacked ufw:all 0.36.2-6
2024-11-04 09:13:28 status half-configured ufw:all 0.36.2-6
2024-11-04 09:13:28 status installed ufw:all 0.36.2-6
2024-11-04 09:13:28 trigproc man-db:amd64 2.12.0-4build2 <none>
2024-11-05 09:10:41 startup archives unpack
2024-11-05 09:10:41 upgrade libssl3t64:amd64 3.0.13-0ubuntu3.1 3.0.13-0ubuntu3.4
2024-11-05 09:10:42 status half-configured libssl3t64:amd64 3.0.13-0ubuntu3.1
2024-11-05 09:10:43 status unpacked libssl3t64:amd64 3.0.13-0ubuntu3.1
2024-11-05 09:10:44 status half-installed libssl3t64:amd64 3.0.13-0ubuntu3.1
2024-11-05 09:10:44 status unpacked libssl3t64:amd64 3.0.13-0ubuntu3.4
2024-11-05 09:10:44 upgrade openssh-client:amd64 1:9.6p1-3ubuntu13.4 1:9.6p1-3ubuntu13.5
2024-11-05 09:10:45 status half-configured openssh-client:amd64 1:9.6p1-3ubuntu13.4
2024-11-05 09:10:47 status unpacked openssh-client:amd64 1:9.6p1-3ubuntu13.4
2024-11-05 09:10:48 status half-installed openssh-client:amd64 1:9.6p1-3ubuntu13.4
2024-11-05 09:10:49 status unpacked openssh-client:amd64 1:9.6p1-3ubuntu13.5
2024-11-05 09:10:49 upgrade python3.12:amd64 3.12.3-1ubuntu0.1 3.12.3-1ubuntu0.3
2024-11-05 09:10:51 status half-configured python3.12:amd64 3.12.3-1ubuntu0.1
2024-11-05 09:10:53 status unpacked python3.12:amd64 3.12.3-1ubuntu0.1
2024-11-05 09:10:55 status half-installed python3.12:amd64 3.12.3-1ubuntu0.1
2024-11-05 09:10:57 status unpacked python3.12:amd64 3.12.3-1ubuntu0.3
2024-11-05 09:10:58 upgrade linux-image-6.8.0-45-generic:amd64 6.8.0-44.44 6.8.0-45.45
2024-11-05 09:11:00 status half-configured linux-image-6.8.0-45-generic:amd64 6.8.0-44.44
2024-11-05 09:11:02 status unpacked linux-image-6.8.0-45-generic:amd64 6.8.0-44.44
2024-11-05 09:11:03 status half-installed linux-image-6.8.0-45-generic:amd64 6.8.0-44.44
2024-11-05 09:11:03 status unpacked linux-image-6.8.0-45-generic:amd64 6.8.0-45.45
2024-11-05 09:11:03 startup packages configure
2024-11-05 09:11:03 configure libssl3t64:amd64 3.0.13-0ubuntu3.4 <none>
2024-11-05 09:11:05 status installed libssl3t64:amd64 3.0.13-0ubuntu3.4
2024-11-05 09:11:07 configure openssh-client:amd64 1:9.6p1-3ubuntu13.5 <none>
2024-11-05 09:11:08 status installed openssh-client:amd64 1:9.6p1-3ubuntu13.5
2024-11-05 09:11:09 configure python3.12:amd64 3.12.3-1ubuntu0.3 <none>
2024-11-05 09:11:10 status installed python3.12:amd64 3.12.3-1ubuntu0.3
2024-11-05 09:11:11 configure linux-image-6.8.0-45-generic:amd64 6.8.0-45.45 <none>
2024-11-05 09:11:12 status installed linux-image-6.8.0-45-generic:amd64 6.8.0-45.45
2024-11-05 09:11:14 remove cups-browsed:amd64 2.4.7-1.2ubuntu7.3 <none>
2024-11-05 09:11:14 status half-configured cups-browsed:amd64 2.4.7-1.2ubuntu7.3
2024-11-05 09:11:14 status config-files cups-browsed:amd64 2.4.7-1.2ubuntu7.3
2024-11-05 09:11:16 purge cups-browsed:amd64 2.4.7-1.2ubuntu7.3 <none>
2024-11-05 09:11:17 status not-installed cups-browsed:amd64 <none>
